// Jest Snapshot v1, https://goo.gl/fbAQLP

exports[`WhiteCard renders correctly 1`] = `
<div
  className="sc-AxjAm hwiaAn"
  id="id"
  onClick={[Function]}
>
  <p
    className="sc-AxirZ URWBl"
  >
    text
  </p>
</div>
`;
