// Jest Snapshot v1, https://goo.gl/fbAQLP

exports[`MyApp renders correctly 1`] = `<div />`;
