// Jest Snapshot v1, https://goo.gl/fbAQLP

exports[`Home renders correctly 1`] = `
<div
  className="jsx-3443756320 container"
>
  <main
    className="jsx-3443756320"
  >
    <h1
      className="jsx-3443756320 title"
    >
      Welcome to Cards Against Hannibal
    </h1>
    <p
      className="jsx-3443756320 description"
    >
      A Cards Against Humanity clone in the spirit of Pretend You're Xyzzy
    </p>
    <p
      className="jsx-3443756320"
    >
      Hello 
    </p>
    <label>
      Enter Nickname:
    </label>
    <input
      onChange={[Function]}
      type="text"
    />
    <a
      className="jsx-3443756320"
      href="/about"
      onClick={[Function]}
      onMouseEnter={[Function]}
    >
      About
    </a>
    <div
      className="jsx-3443756320 grid"
    >
      <a
        className="jsx-3443756320 card"
        href="/game/1"
      >
        <h3
          className="jsx-3443756320"
        >
          Start a new game â†’
        </h3>
        <p
          className="jsx-3443756320"
        >
          Start a game
        </p>
      </a>
    </div>
    <div
      className="jsx-3443756320 grid"
    >
      <a
        href="/game/one"
        onClick={[Function]}
        onMouseEnter={[Function]}
      >
        Game 
        one
      </a>
      <a
        href="/game/two"
        onClick={[Function]}
        onMouseEnter={[Function]}
      >
        Game 
        two
      </a>
    </div>
  </main>
</div>
`;
